// Jest Snapshot v1, https://goo.gl/fbAQLP

exports[`actions addEvent 1`] = `
Object {
  "analysis": "foo",
  "event": Object {
    "key": "bar",
  },
  "type": "ADD_PROJECT_ACTIVITY_EVENT",
}
`;

exports[`actions changeEvent 1`] = `
Object {
  "changes": Object {
    "name": "bar",
  },
  "event": "foo",
  "type": "CHANGE_PROJECT_ACTIVITY_EVENT",
}
`;

exports[`actions deleteAnalysis 1`] = `
Object {
  "analysis": "bar",
  "project": "foo",
  "type": "DELETE_PROJECT_ACTIVITY_ANALYSIS",
}
`;

exports[`actions deleteEvent 1`] = `
Object {
  "analysis": "foo",
  "event": "bar",
  "type": "DELETE_PROJECT_ACTIVITY_EVENT",
}
`;

exports[`selectors getAnalyses 1`] = `
Array [
  Object {
    "date": "2016-10-27T16:33:50+0200",
    "events": Array [
      Object {
        "category": "VERSION",
        "key": "AVjUDBiSiXOcXjpycvde",
        "name": "2.18-SNAPSHOT",
      },
    ],
    "key": "AVgGkRvCrrTJiPpCD-rG",
  },
  Object {
    "date": "2016-10-27T12:21:15+0200",
    "events": Array [],
    "key": "AVgFqeOSKpGuA48ADATE",
  },
  Object {
    "date": "2016-10-26T12:17:29+0200",
    "events": Array [
      Object {
        "category": "OTHER",
        "key": "AVkWNYNYr4pSN7TrXcjY",
        "name": "foo",
      },
    ],
    "key": "AVgAgC1Vdo07z3PUnnkt",
  },
]
`;

exports[`selectors getPaging 1`] = `
Object {
  "pageIndex": 1,
  "pageSize": 100,
  "total": 3,
}
`;
