// Jest Snapshot v1, https://goo.gl/fbAQLP

exports[`reducer 1`] = `Object {}`;

exports[`reducer 2`] = `
Object {
  "project-foo": Object {
    "pageIndex": 1,
    "pageSize": 100,
    "total": 3,
  },
}
`;

exports[`reducer 3`] = `
Object {
  "project-foo": Object {
    "pageIndex": 2,
    "pageSize": 30,
    "total": 5,
  },
}
`;
