// Jest Snapshot v1, https://goo.gl/fbAQLP

exports[`should render 1`] = `
<div
  className="search-navigator-facet-footer"
>
  <SearchSelect
    autofocus={false}
    minimumQueryLength={2}
    onSearch={[Function]}
    onSelect={[Function]}
    resetOnBlur={true}
  />
</div>
`;
