// Jest Snapshot v1, https://goo.gl/fbAQLP

exports[`should render its children 1`] = `
<header
  className="page-header"
>
  <i
    className="spinner"
  />
  <span>
    children test
  </span>
</header>
`;

exports[`should render the members page header 1`] = `
<header
  className="page-header"
/>
`;

exports[`should render the members page header 2`] = `
<i
  className="spinner"
/>
`;

exports[`should render the members page header with the total 1`] = `
<header
  className="page-header"
/>
`;
