// Jest Snapshot v1, https://goo.gl/fbAQLP

exports[`not found 1`] = `<NotFound />`;

exports[`should correctly update when the organization changes 1`] = `
Array [
  Array [
    "bar",
  ],
]
`;

exports[`smoke test 1`] = `null`;

exports[`smoke test 2`] = `
<div>
  <HelmetWrapper
    defaultTitle="Foo"
    titleTemplate="%s - Foo"
  />
  <OrganizationNavigation
    organization={
      Object {
        "canAdmin": false,
        "isDefault": false,
        "key": "foo",
        "name": "Foo",
      }
    }
  />
  <div>
    hello
  </div>
</div>
`;
