// Jest Snapshot v1, https://goo.gl/fbAQLP

exports[`should match snapshot 1`] = `
<table
  className="form big-spacer-bottom"
>
  <thead>
    <tr>
      <th>
        <span
          className="text-normal"
        >
          <Connect(Organization) />
        </span>
        <h4
          className="display-inline-block"
        >
          <Link
            onlyActiveOnIndex={false}
            style={Object {}}
            to={
              Object {
                "pathname": "/dashboard",
                "query": Object {
                  "id": "foo",
                },
              }
            }
          >
            Foo
          </Link>
        </h4>
      </th>
      <th
        className="text-center"
      >
        <h4>
          notification.channel.channel1
        </h4>
      </th>
      <th
        className="text-center"
      >
        <h4>
          notification.channel.channel2
        </h4>
      </th>
    </tr>
  </thead>
  <NotificationsList
    channels={
      Array [
        "channel1",
        "channel2",
      ]
    }
    checkboxId={[Function]}
    notifications={
      Array [
        Object {
          "channel": "channel1",
          "type": "type1",
        },
        Object {
          "channel": "channel1",
          "type": "type2",
        },
        Object {
          "channel": "channel2",
          "type": "type2",
        },
      ]
    }
    onAdd={[Function]}
    onRemove={[Function]}
    types={
      Array [
        "type1",
        "type2",
      ]
    }
  />
</table>
`;
