// Jest Snapshot v1, https://goo.gl/fbAQLP

exports[`render code 1`] = `
<td
  className="source-line-code code has-issues"
  data-line-number={3}
>
  <div
    className="source-line-code-inner"
  >
    <pre>
      <span
        className="k source-line-code-issue"
      >
        class
      </span>
      <span
        className=""
      >
         
      </span>
      <span
        className="sym sym-1"
      >
        Foo
      </span>
      <span
        className=""
      >
         {
      </span>
    </pre>
  </div>
  <LineIssuesList
    issues={
      Array [
        Object {
          "key": "issue-1",
        },
        Object {
          "key": "issue-2",
        },
      ]
    }
    onIssueClick={[Function]}
    selectedIssue="issue-1"
  />
</td>
`;
